#-----------------------------------------------------------
# Vivado v2016.2 (64-bit)
# SW Build 1577090 on Thu Jun  2 16:32:40 MDT 2016
# IP Build 1577682 on Fri Jun  3 12:00:54 MDT 2016
# Start of session at: Fri Dec 09 07:56:21 2016
# Process ID: 7240
# Current directory: C:/Users/Tim/Google Drive/EECS_645/Final_Project_MIPS_Single_Cycle_Extra_Credit_Elvart/Final_Project_MIPS_Single_Cycle_Elvart/07_MIPS_Single_Cycle/vivado_project
# Command line: vivado.exe -gui_launcher_event rodinguilauncherevent3120 C:\Users\Tim\Google Drive\EECS_645\Final_Project_MIPS_Single_Cycle_Extra_Credit_Elvart\Final_Project_MIPS_Single_Cycle_Elvart\07_MIPS_Single_Cycle\vivado_project\vivado_project.xpr
# Log file: C:/Users/Tim/Google Drive/EECS_645/Final_Project_MIPS_Single_Cycle_Extra_Credit_Elvart/Final_Project_MIPS_Single_Cycle_Elvart/07_MIPS_Single_Cycle/vivado_project/vivado.log
# Journal file: C:/Users/Tim/Google Drive/EECS_645/Final_Project_MIPS_Single_Cycle_Extra_Credit_Elvart/Final_Project_MIPS_Single_Cycle_Elvart/07_MIPS_Single_Cycle/vivado_project\vivado.jou
#-----------------------------------------------------------
start_gui
open_project {C:/Users/Tim/Google Drive/EECS_645/Final_Project_MIPS_Single_Cycle_Extra_Credit_Elvart/Final_Project_MIPS_Single_Cycle_Elvart/07_MIPS_Single_Cycle/vivado_project/vivado_project.xpr}
update_compile_order -fileset sources_1
launch_simulation
launch_simulation
source mips_single_cycle_tb.tcl
close_sim
launch_simulation
source mips_single_cycle_tb.tcl
restart
run 100 us
restart
run 100 us
restart
run 100 us
close_sim
launch_simulation
source mips_single_cycle_tb.tcl
restart
run 100 us
restart
run 100 us
close_sim
launch_simulation
source mips_single_cycle_tb.tcl
restart
run 100 us
add_files -norecurse {{C:/Users/Tim/Google Drive/EECS_645/Final_Project_MIPS_Single_Cycle_Extra_Credit_Elvart/Final_Project_MIPS_Single_Cycle_Elvart/07_MIPS_Single_Cycle/design_sources/lui_shift_left_16.vhd}}
update_compile_order -fileset sources_1
update_compile_order -fileset sources_1
close_sim
launch_simulation
source mips_single_cycle_tb.tcl
restart
run 100 us
close_sim
launch_simulation
source mips_single_cycle_tb.tcl
restart
run 100 us
close_sim
launch_simulation
source mips_single_cycle_tb.tcl
restart
run 100 us
close_sim
launch_simulation
source mips_single_cycle_tb.tcl
restart
run 100 us
run 100 ms
restart
run 100 ms
close_sim
launch_simulation
source mips_single_cycle_tb.tcl
restart
run 100 ms
close_sim
launch_simulation
source mips_single_cycle_tb.tcl
restart
run 100 us
close_sim
launch_simulation
source mips_single_cycle_tb.tcl
close_sim
launch_simulation
launch_simulation
source mips_single_cycle_tb.tcl
restart
run 100 us
restart
run 100 us
restart
run 50 us
close_sim
launch_simulation
source mips_single_cycle_tb.tcl
restart
run 150 ns
restart
run 200 ns
close_sim
