#-----------------------------------------------------------
# Vivado v2016.2 (64-bit)
# SW Build 1577090 on Thu Jun  2 16:32:40 MDT 2016
# IP Build 1577682 on Fri Jun  3 12:00:54 MDT 2016
# Start of session at: Thu Dec 08 16:34:21 2016
# Process ID: 1572
# Current directory: C:/Users/Tim/Google Drive/EECS_645/Final_Project_MIPS_Single_Cycle_Elvart/07_MIPS_Single_Cycle/vivado_project
# Command line: vivado.exe -gui_launcher_event rodinguilauncherevent5704 C:\Users\Tim\Google Drive\EECS_645\Final_Project_MIPS_Single_Cycle_Elvart\07_MIPS_Single_Cycle\vivado_project\vivado_project.xpr
# Log file: C:/Users/Tim/Google Drive/EECS_645/Final_Project_MIPS_Single_Cycle_Elvart/07_MIPS_Single_Cycle/vivado_project/vivado.log
# Journal file: C:/Users/Tim/Google Drive/EECS_645/Final_Project_MIPS_Single_Cycle_Elvart/07_MIPS_Single_Cycle/vivado_project\vivado.jou
#-----------------------------------------------------------
start_gui
open_project {C:/Users/Tim/Google Drive/EECS_645/Final_Project_MIPS_Single_Cycle_Elvart/07_MIPS_Single_Cycle/vivado_project/vivado_project.xpr}
update_compile_order -fileset sources_1
launch_simulation
source mips_single_cycle_tb.tcl
restart
run 100 us
restart
run 100 us
close_sim
